INFO  08-08 04:03:42.878 __main__                         ...h_token_factory | using host-provided bearer for runner bootstrap
INFO  08-08 04:03:45.104 ...ime.harnesses.process_manager start              | HarnessProcessManager started; instance_dir=/tmp/omnigent-0/ap-0dc06401b8ac4d26a24d89ab1412840c
INFO  08-08 04:03:45.105 terminals.pane_reaper            start              | native pane reaper started (idle_timeout=3600.0s, interval=60.0s)
INFO  08-08 04:03:45.182 ...er.transports.ws_tunnel.serve _serve_tunnel_once | runner runner_token_ea934ad037913d645a67e951ad540f8f connected to ws://omnigent-server:8000/v1/runners/runner_token_ea934ad037913d645a67e951ad540f8f/tunnel
INFO  08-08 04:03:45.290 httpx                            ..._single_request | HTTP Request: GET http://omnigent-server:8000/v1/sessions/e582b78080974257a712879138a7132b/agent/contents "HTTP/1.1 200 OK"
INFO  08-08 04:03:46.714 httpx                            ..._single_request | HTTP Request: GET http://omnigent-server:8000/v1/sessions/e582b78080974257a712879138a7132b "HTTP/1.1 200 OK"
INFO  08-08 04:03:48.110 runner.app                       ...ate_pi_terminal | Auto-created pi terminal for session e582b78080974257a712879138a7132b with extension /root/.omnigent/pi-native/e0c43d68c043c90e7b64ce9f33fbaa53/omnigent_pi_native_extension.js
WARN  08-08 04:03:48.116 runner.app                       ...t_relay_started | Failed to start comment relay for session=e582b78080974257a712879138a7132b
Traceback (most recent call last):
  File "/opt/venv/lib/python3.12/site-packages/omnigent/runner/app.py", line 4909, in _ensure_comment_relay_started
    relay: ClaudeNativeToolRelay = start_tool_relay(
                                   ^^^^^^^^^^^^^^^^^
  File "/opt/venv/lib/python3.12/site-packages/omnigent/claude_native_bridge.py", line 3361, in start_tool_relay
    _write_json_file(bridge_dir / _TOOL_RELAY_FILE, relay_info)
  File "/opt/venv/lib/python3.12/site-packages/omnigent/claude_native_bridge.py", line 5352, in _write_json_file
    _ensure_secure_dir(path.parent)
  File "/opt/venv/lib/python3.12/site-packages/omnigent/claude_native_bridge.py", line 742, in _ensure_secure_dir
    raise RuntimeError(
RuntimeError: refusing to use bridge ancestor /root/.omnigent: owned by uid 1000, not current user (0)
INFO  08-08 04:03:48.172 httpx                            ..._single_request | HTTP Request: GET http://omnigent-server:8000/v1/sessions/e582b78080974257a712879138a7132b/items?limit=1&order=desc "HTTP/1.1 200 OK"
INFO  08-08 04:03:48.208 runner.app                       ...native_terminal | Pi terminal ensure returning existing resource: session=e582b78080974257a712879138a7132b terminal_id=terminal_pi_main
INFO  08-08 04:03:48.221 runner.app                       ..._session_events | post_session_events: conv=e582b78080974257a712879138a7132b type=message active=False buffer_len=0 content_types=['input_text']
INFO  08-08 04:03:48.249 httpx                            ..._single_request | HTTP Request: GET http://omnigent-server:8000/v1/sessions/e582b78080974257a712879138a7132b/items?limit=100&order=asc "HTTP/1.1 200 OK"
WARN  08-08 04:03:48.250 runner.app                       ..._items_to_input | _convert_raw_items_to_input: skipped 1 items with types: ['resource_event']
INFO  08-08 04:03:48.251 runner.app                       ..._items_to_input | _convert_raw_items_to_input: 1 raw items → 0 converted (compaction_idx=None)
INFO  08-08 04:03:48.251 runner.app                       ..._session_events | post_session_events: starting background turn conv=e582b78080974257a712879138a7132b
INFO  08-08 04:03:48.252 runner.app                       ...etup_and_stream | _run_turn_bg: conv=e582b78080974257a712879138a7132b history_msgs=1 content_summary=["msg(user, blocks=['input_text'])"]
INFO  08-08 04:03:48.271 httpx                            ..._single_request | HTTP Request: POST http://harness.local/v1/sessions/e582b78080974257a712879138a7132b/events "HTTP/1.1 200 OK"
INFO  08-08 04:03:50.334 runner.app                       ..._session_events | post_session_events: conv=e582b78080974257a712879138a7132b type=external_session_status active=False buffer_len=0 content_types=[]
INFO  08-08 04:03:50.429 runner.app                       ..._session_events | post_session_events: conv=e582b78080974257a712879138a7132b type=external_session_status active=False buffer_len=0 content_types=[]
INFO  08-08 04:03:55.436 runner.app                       ..._session_events | post_session_events: conv=e582b78080974257a712879138a7132b type=external_session_status active=False buffer_len=0 content_types=[]
