INFO  08-08 04:00:58.487 cli_diagnostics                  setup_cli_logging  | CLI start — argv=['login', 'http://omnigent-server:8000'] pid=9
ERROR 08-08 04:00:58.843 cli_diagnostics                  log_cli_exception  | Click CLI error: Invalid username or password.
Traceback (most recent call last):
  File "/opt/venv/lib/python3.12/site-packages/omnigent/cli.py", line 1836, in main
    cli(args=argv, standalone_mode=False)
  File "/opt/venv/lib/python3.12/site-packages/click/core.py", line 1569, in __call__
    return self.main(*args, **kwargs)
           ^^^^^^^^^^^^^^^^^^^^^^^^^^
  File "/opt/venv/lib/python3.12/site-packages/click/core.py", line 1490, in main
    rv = self.invoke(ctx)
         ^^^^^^^^^^^^^^^^
  File "/opt/venv/lib/python3.12/site-packages/click/core.py", line 1970, in invoke
    return _process_result(sub_ctx.command.invoke(sub_ctx))
                           ^^^^^^^^^^^^^^^^^^^^^^^^^^^^^^^
  File "/opt/venv/lib/python3.12/site-packages/click/core.py", line 1353, in invoke
    return ctx.invoke(self.callback, **ctx.params)
           ^^^^^^^^^^^^^^^^^^^^^^^^^^^^^^^^^^^^^^^
  File "/opt/venv/lib/python3.12/site-packages/click/core.py", line 907, in invoke
    return callback(*args, **kwargs)
           ^^^^^^^^^^^^^^^^^^^^^^^^^
  File "/opt/venv/lib/python3.12/site-packages/omnigent/cli.py", line 10108, in login
    _accounts_login(server)
  File "/opt/venv/lib/python3.12/site-packages/omnigent/cli.py", line 10223, in _accounts_login
    raise click.ClickException("Invalid username or password.")
click.exceptions.ClickException: Invalid username or password.
